// Jest Snapshot v1, https://goo.gl/fbAQLP

exports[`Accordion Component renders empty given no sections 1`] = `<div />`;
